==================== 前置检查 ====================
ComfyUI 可达
NVIDIA GeForce RTX 4090, 7161 MiB, 24564 MiB

==================== 1. SDXL · 1024² / 30 步 · N=12 warmup=1 ====================
[run01] 4.85s
[run02] 4.30s
[run03] 5.00s
[run04] 4.60s
[run05] 4.59s
[run06] 5.07s
[run07] 4.54s
[run08] 4.60s
[run09] 5.17s
[run10] 4.60s
[run11] 4.61s
[run12] 5.43s

================ 统计结果 ================
样本数 N = 12
min   = 4.30s
mean  = 4.78s
median= 4.61s
P95   = 5.43s
max   = 5.43s
stdev = 0.31s
原始样本: 4.85, 4.30, 5.00, 4.60, 4.59, 5.07, 4.54, 4.60, 5.17, 4.60, 4.61, 5.43

==================== 2. FLUX.2 klein · 1024² / 4 步 · N=12 warmup=1 ====================
[run01] 1.52s
[run02] 1.58s
[run03] 1.53s
[run04] 1.57s
[run05] 1.52s
[run06] 1.58s
[run07] 2.08s
[run08] 1.82s
[run09] 1.83s
[run10] 1.53s
[run11] 1.54s
[run12] 1.52s

================ 统计结果 ================
样本数 N = 12
min   = 1.52s
mean  = 1.63s
median= 1.56s
P95   = 2.08s
max   = 2.08s
stdev = 0.17s
原始样本: 1.52, 1.58, 1.53, 1.57, 1.52, 1.58, 2.08, 1.82, 1.83, 1.53, 1.54, 1.52

==================== 3. 显存快照 ====================
15903 MiB, 24564 MiB

BENCH_DONE
