# ============================================================
# 2026-09-17 L4 三条工作流实跑尝试 —— 因缺少可用 SSH 凭据而中止
#
# ⚠️ 结论：**未执行任何出图**。三条工作流 i2i_v1 / inpaint_v1 / upscale_v1
#    的 render_path_l4 状态**不得**因本次运行而发生任何改变。
# 本文件以客观原文为主；凡属推断的内容，一律放在标注为「判读」的小节里。
# ============================================================

[0] 机时窗口
  开机确认点击      : 2026-09-17 05:36:59 (CST)
  关机按钮点击      : 2026-09-17 05:38:59 (CST)
  控制台复现"已关机" : 2026-09-17 05:39:46 (CST)
  运行态时长        : 2 分 00 秒（开机 05:36:59 → 点关机 05:38:59）
                      2 分 47 秒（开机 05:36:59 → 控制台确认「已关机」05:39:46）
  计费单价原文      : "实例将按￥1.88/时整点扣费"

[1] 开机前 GPU 空闲判定（页面 HTML 抽取，Bash/bsk get-html）
  329机(本项目 comfyUI): "GPU空闲/总量：|3/10"
  605机(非本项目)      : "GPU空闲/总量：|2/12"
  → 3 > 0，按技能规则 1 允许 GPU 开机。

[2] 控制台状态原文（bsk observe，逐次）
  开机前         : row "西北B区 / 329机 be8347bd6f-2101a80b comfyUI   已关机 GPU充足 RTX 4090 * 1卡 ..."
  点击开机后      : row "西北B区 / 329机 be8347bd6f-2101a80b comfyUI   开机中 RTX 4090 * 1卡 ..."
  等待 75s 后     : row "西北B区 / 329机 be8347bd6f-2101a80b comfyUI   运行中 RTX 4090 * 1卡 ... CPU 0% 内存 0% ..."
  关机确认后      : row "西北B区 / 329机 be8347bd6f-2101a80b comfyUI   已关机 GPU充足 RTX 4090 * 1卡 ..."
  最终独立复核    : 2026-09-17 05:40:48 再次刷新控制台，同一行仍为「已关机」：
    row "西北B区 / 329机 be8347bd6f-2101a80b comfyUI   已关机 GPU充足 RTX 4090 * 1卡 系统盘 65.65% 数据盘 54.62% 正常 按量计费 14天23小时58分后释放"

  关机后 HTML 原文片段（去标签）:
    西北B区 |/ 329机|be8347bd6f-2101a80b|comfyUI|已关机|GPU充足|RTX 4090 * 1卡|

[3] SSH 三次尝试的原始输出
  前置事实（本机，开机前后各查一次，均为同一结果）:
    $ env | grep -i sshpass        ->  (无输出)
    $ ssh-add -l
      256 SHA256:E/OBQln+16LApd5EZFNxEa+7dJsyKIz/hU4t9iNcLE8 peter@ubuntuser (ED25519)

  尝试 1 —— 公钥认证（BatchMode + PreferredAuthentications=publickey）
    $ ssh -o BatchMode=yes -o PreferredAuthentications=publickey -p 22910 root@connect.westc.seetacloud.com 'echo SSH_OK; hostname'
    root@connect.westc.seetacloud.com: Permission denied (publickey,password).

  尝试 2 —— sshpass 密码认证
    $ sshpass -e ssh ... root@connect.westc.seetacloud.com 'echo SSH_OK'
    sshpass: At most one of -f, -d, -p or -e should be used
    （更正说明：原始记录曾断言「原因＝SSHPASS 环境变量为空」，该断言**不成立**。
      本机 2026-09-17 用 sshpass 1.09 复现：
        · SSHPASS 为空但**已设置** + `sshpass -e` → 不报错，正常放行（exit 0）；
        · SSHPASS **未设置** + `sshpass -e` → 报的是另一条消息
          「SSHPASS: -e option given but SSHPASS environment variable not set」；
        · 同时给两个口令来源（如 `-e -p` / `-e -f`）→ 才报此类「多个口令来源」错误。
      而 [3] 前置事实已确认本机 SSHPASS **未设置** —— 与记录中的报错消息不符，
      故**原始命令行里应还存在第二个口令来源参数**（该参数未留痕）。
      结论：此项**确切原因未确认**；可确认的是本步未进入认证流程、未使用任何凭据。）

  尝试 3 —— 显式指定唯一本地私钥 + 详细诊断
    $ ssh -v -o BatchMode=yes -o IdentitiesOnly=yes -i ~/.ssh/id_ed25519 -p 22910 root@... 'echo SSH_OK'
    debug1: identity file /home/peter/.ssh/id_ed25519 type 3
    debug1: Authentications that can continue: publickey,password
    debug1: Offering public key: /home/peter/.ssh/id_ed25519 ED25519 SHA256:E/OBQ... explicit agent
    debug1: Authentications that can continue: publickey,password
    root@connect.westc.seetacloud.com: Permission denied (publickey,password).

  判读（客观）:
    · 三次尝试均**未进入密码阶段**（尝试 2 连认证都未发出）。
    · 服务器明确宣告可用认证方式为 `publickey,password`；本机唯一公钥被拒。
    · 结论：**本机不存在任何可用的 SSH 凭据**（无 SSHPASS、无被授权的私钥）。
    · 三次尝试后按用户指令停止重试。

[4] 未执行的部分（明确留痕）
  未上传:  engine/ → $RD/l4_repo/ ；deploy/autodl/36_l4_three_workflows.sh ；
           deploy/autodl/37_probe_inpaint_mask_polarity.py ；deploy/autodl/03_start_comfyui.sh ；
           参考图 → $RD/l4_assets/ref_product.png
  未执行:  bash $RD/36_l4_three_workflows.sh
  未产出:  三条工作流的渲染路径 L4 结论；蒙版极性客观信号；源码摘录；基准复测数字
  未改动:  workflows/registry.yaml（未改，也不需要改 —— 本次无结论可回填）

[5] 为什么这不是"一次可修的配置问题"
  ComfyUI 未起 / 模型路径不对 / 远端缺文件 —— 这些本可修。
  但本次卡在**更前置的一层**：连不进机器，任何远端动作都无法执行，
  故不满足"值得修就修"的前提（改了也传不上去）。

[6] 复现本次阻塞（需在拿到凭据后执行）
  export SSHPASS='<向团队负责人索取，不要写进任何文件>'
  sshpass -e ssh -o StrictHostKeyChecking=no -o ConnectTimeout=20 -p 22910 \
    root@connect.westc.seetacloud.com 'nvidia-smi -L'
  # 期望：有卡模式应输出 "GPU 0: NVIDIA GeForce RTX 4090"；
  #      输出 "No devices found." 则说明仍处于无卡模式。
