
==================== 0. 前置检查（不通过就立刻退出） ====================
nvidia-smi -L →
GPU 0: NVIDIA GeForce RTX 4090 (UUID: GPU-3459c029-2928-27f3-d2d1-d43263866f69)
✅ 有卡：GPU 0: NVIDIA GeForce RTX 4090 (UUID: GPU-3459c029-2928-27f3-d2d1-d43263866f69)
NVIDIA GeForce RTX 4090, 0 MiB, 24564 MiB
✅ engine/ + workflows/ 齐备（/root/autodl-tmp/l4_repo）
✅ 底模在位：/root/autodl-tmp/comfyui-data/models/checkpoints/sd_xl_base_1.0.safetensors
✅ 参考图在位：/root/autodl-tmp/l4_assets/ref_product.png (1110864 bytes)
   参考图 sha256: f9c96e9eb1cd175a8420464a6309ab5747ea5fcf04f7d0e21dd0ffc33f97f40f
ComfyUI 未运行 → 按生产配置启动（/root/autodl-tmp/03_start_comfyui.sh）
启动 ComfyUI ... (额外参数: --highvram)
PID=1595 日志=/root/autodl-tmp/comfyui.log (监听 127.0.0.1:8188)
就绪，耗时约 8 次轮询
{"system": {"os": "linux", "ram_total": 96636764160, "ram_free": 95412600832, "comfyui_version": "0.36.0", "required_frontend_version": "1.52.7", "installed_templates_version": "0.11.62", "required_templates_version": "0.11.62", "comfy_package_versions": [{"name": "comfyui-frontend-package", "installed": "1.52.7", "required": "1.52.7"}, {"name": "comfyui-workflow-templates", "installed": "0.11.62", "required": "0.11.62"}, {"name": "comfyui-embedded-docs", "installed": "0.5.11", "required": "0.5.11"}, {"name": "comfy-kitchen", "installed": "0.2.34", "required": "0.2.34"}, {"name": "comfy-aimdo", "installed": "0.5.3", "required": "0.5.3"}], "python_version": "3.12.3 | packaged by Anaconda, Inc. | (main, May  6 2024, 19:46:43) [GCC 11.2.0]", "pytorch_version": "2.13.0+cu130", "embedded_python": false, "deploy_environment": "local-git", "argv": ["main.py", "--listen", "127.0.0.1", "--port", "8188", "--highvram"]}, "devices": [{"name": "cuda:0 NVIDIA GeForce RTX 4090 : cudaMallocAsync", "type": "cuda", "index": 0, "vram_total": 25250627584, "vram_free": 24837292032, "torch_vram_total": 0, "torch_vram_free": 0}]}
✅ 启动完成
# ComfyUI 生效开关（2026-09-17T15:44:11+08:00）
# argv: ['main.py', '--listen', '127.0.0.1', '--port', '8188', '--highvram']
comfyui_version: 0.36.0
devices: ['cuda:0 NVIDIA GeForce RTX 4090 : cudaMallocAsync']
[32m[INFO][0m Set vram state to: HIGH_VRAM
[32m[INFO][0m Using async weight offloading with 2 streams
[32m[INFO][0m Using pytorch attention

==================== 1. 渲染路径 L4：三条工作流逐条跑 ====================
显式 seed = 20260916（确定性验证不能用 -1）· 参考图 asset_id = 1 → /root/autodl-tmp/l4_assets/ref_product.png

-------------------- L4: i2i_v1 --------------------

-------------------- L4: inpaint_v1 --------------------

-------------------- L4: upscale_v1 --------------------

==================== 2. inpaint_v1 蒙版极性专项（只给客观信号，语义判断留给人工） ====================
源码摘录 → /root/autodl-tmp/l4_evidence/36_inpaint_polarity_source.txt
  行数: 68
探针输出（尾部）：
  | 参考图: /root/autodl-tmp/l4_assets/ref_product.png  1024x1024  sha256=f9c96e9eb1cd175a…
  | 自证 1 ✅ 两变体 alpha 逐像素互补（圆半径 220px，圆心=图心）
  |   变体 A_mask_as_is: /root/autodl-tmp/l4_out/inpaint_polarity/probe_input_A_mask_as_is.png  alpha 圆内=0 圆外=255
  |   变体 B_mask_inverted: /root/autodl-tmp/l4_out/inpaint_polarity/probe_input_B_mask_inverted.png  alpha 圆内=255 圆外=0
  | 引擎: cuda:0 NVIDIA GeForce RTX 4090 : cudaMallocAsync · vram_total=23.5GiB
  |   上传 asset_id=1 → probe_input_A_mask_as_is.png
  |   上传 asset_id=2 → probe_input_B_mask_inverted.png
  |   A_mask_as_is: base_00001_.png → /root/autodl-tmp/l4_out/inpaint_polarity/probe_output_A_mask_as_is.png  (1114446 bytes)
  |   A2_repeat_same_input: base_00001_.png → /root/autodl-tmp/l4_out/inpaint_polarity/probe_output_A2_repeat_same_input.png  (1114446 bytes)
  |   B_mask_inverted: base_00002_.png → /root/autodl-tmp/l4_out/inpaint_polarity/probe_output_B_mask_inverted.png  (1100140 bytes)
  | 
  | ==================== 客观信号 ====================
  |   A_mask_as_is:  file=6591323caf70ee98…  IDAT=6dd4d90fed8411fe…
  |   A2_repeat_same_input:  file=6591323caf70ee98…  IDAT=6dd4d90fed8411fe…
  |   B_mask_inverted:  file=8bbc92e1dfde1fed…  IDAT=88acb37930348def…
  |   ① A 与 A2（输入完全相同）逐字节相同 : True
  |   ② A 与 B（蒙版互补）逐字节相同     : False
  | 
  |   区域统计（mean/max = 每像素通道最大差；frac_equal = 完全相同像素占比）
  |     repaint_core 像素数=124937  keep_core 像素数=867315
  |     A vs B         | repaint_core: mean= 35.1241 max= 130 eq=0.0000 | keep_core: mean= 45.9213 max= 244 eq=0.0002
  |     A vs 参考图    | repaint_core: mean= 35.1241 max= 130 eq=0.0000 | keep_core: mean=     0.0 max=   0 eq=1.0000
  |     B vs 参考图    | repaint_core: mean=     0.0 max=   0 eq=1.0000 | keep_core: mean= 45.9213 max= 244 eq=0.0002
  | 
  | 事实记录已写入: /root/autodl-tmp/l4_evidence/36_inpaint_mask_polarity.json
  | ⚠️ **极性结论待人工判读** —— 本探针只给客观信号，不下语义结论。

==================== 3. 稳态基准复测（调用既有 34_bench_recheck.sh，不重实现） ====================
  | min   = 4.30s
  | median= 5.19s
  | P95   = 6.14s
  | min   = 1.52s
  | median= 1.83s
  | P95   = 2.79s
  | BENCH_DONE

==================== 4. 结果汇总 ====================
项目                     结论   依据/原因
-------------------------- -------- ----------------------------------------
i2i_v1                     失败   用法/前置错误（退出码 2）：
inpaint_v1                 失败   用法/前置错误（退出码 2）：
upscale_v1                 失败   用法/前置错误（退出码 2）：
inpaint_mask_polarity      通过   客观信号已产出：/root/autodl-tmp/l4_evidence/36_inpaint_mask_polarity.json（**极性结论待人工判读**）
bench_recheck              通过   原始输出 /root/autodl-tmp/l4_evidence/36_bench_recheck.log（判读以 min 地板为准）

开始: 2026-09-17T15:43:47+08:00
结束: 2026-09-17T15:46:33+08:00  （机时请按这两个时间戳的差值计算）

⚠️ 本脚本**不**证明画质（属 golden set）与性能达标（属稳态基准 #18）。
⚠️ 探针的『蒙版极性』只产出**客观信号**；『哪个方向才是对的』必须人工看图确认。
⚠️ 本脚本**不会**修改 workflows/registry.yaml —— render_path_l4 / status 由人裁定。

L4_RUN_HAS_FAILURES
