
==================== 0. 前置检查（不通过就立刻退出） ====================
nvidia-smi -L →
GPU 0: NVIDIA GeForce RTX 4090 (UUID: GPU-3459c029-2928-27f3-d2d1-d43263866f69)
✅ 有卡：GPU 0: NVIDIA GeForce RTX 4090 (UUID: GPU-3459c029-2928-27f3-d2d1-d43263866f69)
NVIDIA GeForce RTX 4090, 13117 MiB, 24564 MiB
✅ engine/ + workflows/ 齐备（/root/autodl-tmp/l4_repo）
✅ 底模在位：/root/autodl-tmp/comfyui-data/models/checkpoints/sd_xl_base_1.0.safetensors
✅ 参考图在位：/root/autodl-tmp/l4_assets/ref_product.png (1110864 bytes)
   参考图 sha256: f9c96e9eb1cd175a8420464a6309ab5747ea5fcf04f7d0e21dd0ffc33f97f40f
✅ ComfyUI 已在运行 —— **复用**（不重启，避免丢掉已加载的模型）
# ComfyUI 生效开关（2026-09-17T15:47:43+08:00）
# argv: ['main.py', '--listen', '127.0.0.1', '--port', '8188', '--highvram']
comfyui_version: 0.36.0
devices: ['cuda:0 NVIDIA GeForce RTX 4090 : cudaMallocAsync']
[32m[INFO][0m Using async weight offloading with 2 streams
[32m[INFO][0m Using pytorch attention
[32m[INFO][0m Using pytorch attention in VAE
[32m[INFO][0m Using pytorch attention in VAE
[32m[INFO][0m Using pytorch attention in VAE
[32m[INFO][0m Using pytorch attention in VAE
⚠️ 警告：日志里没有 'Set vram state to: HIGH_VRAM' —— 启动参数可能不是生产配置
   本脚本**不中止**（L4 验的是渲染路径能否出图，与 VRAM 策略无关），
   但性能数字的口径会因此不同，基准复测的结论要打折看。

==================== 1. 渲染路径 L4：三条工作流逐条跑 ====================
显式 seed = 20260916（确定性验证不能用 -1）· 参考图 asset_id = 1 → /root/autodl-tmp/l4_assets/ref_product.png

-------------------- L4: i2i_v1 --------------------
  | 通过 11 · 失败 0 · 跳过 0

-------------------- L4: inpaint_v1 --------------------
  | 通过 11 · 失败 0 · 跳过 0

-------------------- L4: upscale_v1 --------------------
  | 通过 11 · 失败 0 · 跳过 0

==================== 2. inpaint_v1 蒙版极性专项（只给客观信号，语义判断留给人工） ====================
源码摘录 → /root/autodl-tmp/l4_evidence/36_inpaint_polarity_source.txt
  行数: 68
探针输出（尾部）：
  | 参考图: /root/autodl-tmp/l4_assets/ref_product.png  1024x1024  sha256=f9c96e9eb1cd175a…
  | 自证 1 ✅ 两变体 alpha 逐像素互补（圆半径 220px，圆心=图心）
  |   变体 A_mask_as_is: /root/autodl-tmp/l4_out/inpaint_polarity/probe_input_A_mask_as_is.png  alpha 圆内=0 圆外=255
  |   变体 B_mask_inverted: /root/autodl-tmp/l4_out/inpaint_polarity/probe_input_B_mask_inverted.png  alpha 圆内=255 圆外=0
  | 引擎: cuda:0 NVIDIA GeForce RTX 4090 : cudaMallocAsync · vram_total=23.5GiB
  |   上传 asset_id=1 → probe_input_A_mask_as_is.png
  |   上传 asset_id=2 → probe_input_B_mask_inverted.png
  |   A_mask_as_is: base_00004_.png → /root/autodl-tmp/l4_out/inpaint_polarity/probe_output_A_mask_as_is.png  (1114446 bytes)
  |   A2_repeat_same_input: base_00004_.png → /root/autodl-tmp/l4_out/inpaint_polarity/probe_output_A2_repeat_same_input.png  (1114446 bytes)
  |   B_mask_inverted: base_00005_.png → /root/autodl-tmp/l4_out/inpaint_polarity/probe_output_B_mask_inverted.png  (1100140 bytes)
  | 
  | ==================== 客观信号 ====================
  |   A_mask_as_is:  file=6591323caf70ee98…  IDAT=6dd4d90fed8411fe…
  |   A2_repeat_same_input:  file=6591323caf70ee98…  IDAT=6dd4d90fed8411fe…
  |   B_mask_inverted:  file=8bbc92e1dfde1fed…  IDAT=88acb37930348def…
  |   ① A 与 A2（输入完全相同）逐字节相同 : True
  |   ② A 与 B（蒙版互补）逐字节相同     : False
  | 
  |   区域统计（mean/max = 每像素通道最大差；frac_equal = 完全相同像素占比）
  |     repaint_core 像素数=124937  keep_core 像素数=867315
  |     A vs B         | repaint_core: mean= 35.1241 max= 130 eq=0.0000 | keep_core: mean= 45.9213 max= 244 eq=0.0002
  |     A vs 参考图    | repaint_core: mean= 35.1241 max= 130 eq=0.0000 | keep_core: mean=     0.0 max=   0 eq=1.0000
  |     B vs 参考图    | repaint_core: mean=     0.0 max=   0 eq=1.0000 | keep_core: mean= 45.9213 max= 244 eq=0.0002
  | 
  | 事实记录已写入: /root/autodl-tmp/l4_evidence/36_inpaint_mask_polarity.json
  | ⚠️ **极性结论待人工判读** —— 本探针只给客观信号，不下语义结论。

==================== 3. 稳态基准复测（调用既有 34_bench_recheck.sh，不重实现） ====================
  | min   = 4.54s
  | median= 5.12s
  | P95   = 5.66s
  | min   = 1.52s
  | median= 1.68s
  | P95   = 2.49s
  | BENCH_DONE

==================== 4. 结果汇总 ====================
项目                     结论   依据/原因
-------------------------- -------- ----------------------------------------
i2i_v1                     通过   通过 11 · 失败 0 · 跳过 0（证据 /root/autodl-tmp/l4_evidence/36_l4_i2i_v1.log）
inpaint_v1                 通过   通过 11 · 失败 0 · 跳过 0（证据 /root/autodl-tmp/l4_evidence/36_l4_inpaint_v1.log）
upscale_v1                 通过   通过 11 · 失败 0 · 跳过 0（证据 /root/autodl-tmp/l4_evidence/36_l4_upscale_v1.log）
inpaint_mask_polarity      通过   客观信号已产出：/root/autodl-tmp/l4_evidence/36_inpaint_mask_polarity.json（**极性结论待人工判读**）
bench_recheck              通过   原始输出 /root/autodl-tmp/l4_evidence/36_bench_recheck.log（判读以 min 地板为准）

开始: 2026-09-17T15:47:39+08:00
结束: 2026-09-17T15:50:19+08:00  （机时请按这两个时间戳的差值计算）

⚠️ 本脚本**不**证明画质（属 golden set）与性能达标（属稳态基准 #18）。
⚠️ 探针的『蒙版极性』只产出**客观信号**；『哪个方向才是对的』必须人工看图确认。
⚠️ 本脚本**不会**修改 workflows/registry.yaml —— render_path_l4 / status 由人裁定。

L4_RUN_DONE
