==================== 前置检查 ====================
ComfyUI 可达
NVIDIA GeForce RTX 4090, 7229 MiB, 24564 MiB

==================== 1. SDXL · 1024² / 30 步 · N=12 warmup=1 ====================
[run01] 4.56s
[run02] 5.53s
[run03] 4.57s
[run04] 5.40s
[run05] 4.60s
[run06] 5.49s
[run07] 4.54s
[run08] 5.56s
[run09] 4.54s
[run10] 5.52s
[run11] 4.85s
[run12] 5.66s

================ 统计结果 ================
样本数 N = 12
min   = 4.54s
mean  = 5.07s
median= 5.12s
P95   = 5.66s
max   = 5.66s
stdev = 0.47s
原始样本: 4.56, 5.53, 4.57, 5.40, 4.60, 5.49, 4.54, 5.56, 4.54, 5.52, 4.85, 5.66

==================== 2. FLUX.2 klein · 1024² / 4 步 · N=12 warmup=1 ====================
[run01] 1.82s
[run02] 1.54s
[run03] 1.52s
[run04] 1.83s
[run05] 1.52s
[run06] 2.48s
[run07] 1.83s
[run08] 1.83s
[run09] 1.53s
[run10] 1.52s
[run11] 1.52s
[run12] 2.49s

================ 统计结果 ================
样本数 N = 12
min   = 1.52s
mean  = 1.79s
median= 1.68s
P95   = 2.49s
max   = 2.49s
stdev = 0.34s
原始样本: 1.82, 1.54, 1.52, 1.83, 1.52, 2.48, 1.83, 1.83, 1.53, 1.52, 1.52, 2.49

==================== 3. 显存快照 ====================
13087 MiB, 24564 MiB

BENCH_DONE
