参考图: /root/autodl-tmp/l4_assets/ref_product.png  1024x1024  sha256=f9c96e9eb1cd175a…
自证 1 ✅ 两变体 alpha 逐像素互补（圆半径 220px，圆心=图心）
  变体 A_mask_as_is: /root/autodl-tmp/l4_out/inpaint_polarity/probe_input_A_mask_as_is.png  alpha 圆内=0 圆外=255
  变体 B_mask_inverted: /root/autodl-tmp/l4_out/inpaint_polarity/probe_input_B_mask_inverted.png  alpha 圆内=255 圆外=0
引擎: cuda:0 NVIDIA GeForce RTX 4090 : cudaMallocAsync · vram_total=23.5GiB
  上传 asset_id=1 → probe_input_A_mask_as_is.png
  上传 asset_id=2 → probe_input_B_mask_inverted.png
  A_mask_as_is: base_00004_.png → /root/autodl-tmp/l4_out/inpaint_polarity/probe_output_A_mask_as_is.png  (1114446 bytes)
  A2_repeat_same_input: base_00004_.png → /root/autodl-tmp/l4_out/inpaint_polarity/probe_output_A2_repeat_same_input.png  (1114446 bytes)
  B_mask_inverted: base_00005_.png → /root/autodl-tmp/l4_out/inpaint_polarity/probe_output_B_mask_inverted.png  (1100140 bytes)

==================== 客观信号 ====================
  A_mask_as_is:  file=6591323caf70ee98…  IDAT=6dd4d90fed8411fe…
  A2_repeat_same_input:  file=6591323caf70ee98…  IDAT=6dd4d90fed8411fe…
  B_mask_inverted:  file=8bbc92e1dfde1fed…  IDAT=88acb37930348def…
  ① A 与 A2（输入完全相同）逐字节相同 : True
  ② A 与 B（蒙版互补）逐字节相同     : False

  区域统计（mean/max = 每像素通道最大差；frac_equal = 完全相同像素占比）
    repaint_core 像素数=124937  keep_core 像素数=867315
    A vs B         | repaint_core: mean= 35.1241 max= 130 eq=0.0000 | keep_core: mean= 45.9213 max= 244 eq=0.0002
    A vs 参考图    | repaint_core: mean= 35.1241 max= 130 eq=0.0000 | keep_core: mean=     0.0 max=   0 eq=1.0000
    B vs 参考图    | repaint_core: mean=     0.0 max=   0 eq=1.0000 | keep_core: mean= 45.9213 max= 244 eq=0.0002

事实记录已写入: /root/autodl-tmp/l4_evidence/36_inpaint_mask_polarity.json
⚠️ **极性结论待人工判读** —— 本探针只给客观信号，不下语义结论。
